../Core/Src/main.c:132:5:main	48	static
../Core/Src/main.c:231:6:SystemClock_Config	88	static
../Core/Src/main.c:288:6:PeriphCommonClock_Config	144	static
../Core/Src/main.c:316:13:MX_ADC3_Init	24	static
../Core/Src/main.c:368:13:MX_CRC_Init	8	static
../Core/Src/main.c:399:13:MX_DCMI_Init	8	static
../Core/Src/main.c:436:13:MX_DMA2D_Init	8	static
../Core/Src/main.c:473:13:MX_ETH_Init	8	static
../Core/Src/main.c:520:13:MX_I2C1_Init	8	static
../Core/Src/main.c:568:13:MX_I2C3_Init	8	static
../Core/Src/main.c:616:13:MX_LTDC_Init	64	static
../Core/Src/main.c:678:13:MX_QUADSPI_Init	8	static
../Core/Src/main.c:713:13:MX_RTC_Init	80	static
../Core/Src/main.c:809:13:MX_SAI2_Init	8	static
../Core/Src/main.c:884:13:MX_SDMMC1_SD_Init	4	static
../Core/Src/main.c:912:13:MX_SPDIFRX_Init	8	static
../Core/Src/main.c:948:13:MX_SPI2_Init	8	static
../Core/Src/main.c:988:13:MX_TIM1_Init	112	static
../Core/Src/main.c:1068:13:MX_TIM2_Init	64	static
../Core/Src/main.c:1127:13:MX_TIM3_Init	64	static
../Core/Src/main.c:1186:13:MX_TIM5_Init	64	static
../Core/Src/main.c:1245:13:MX_TIM8_Init	40	static
../Core/Src/main.c:1292:13:MX_TIM12_Init	40	static
../Core/Src/main.c:1334:13:MX_USART1_UART_Init	8	static
../Core/Src/main.c:1369:13:MX_USART6_UART_Init	8	static
../Core/Src/main.c:1400:13:MX_FMC_Init	40	static
../Core/Src/main.c:1451:13:MX_GPIO_Init	72	static
../Core/Src/main.c:1616:6:StartDefaultTask	16	static
../Core/Src/main.c:1637:6:HAL_TIM_PeriodElapsedCallback	16	static
../Core/Src/main.c:1654:6:Error_Handler	4	static,ignoring_inline_asm
