../Core/Src/stm32f7xx_hal_msp.c:65:6:HAL_MspInit	16	static
../Core/Src/stm32f7xx_hal_msp.c:89:6:HAL_ADC_MspInit	48	static
../Core/Src/stm32f7xx_hal_msp.c:134:6:HAL_ADC_MspDeInit	16	static
../Core/Src/stm32f7xx_hal_msp.c:170:6:HAL_CRC_MspInit	24	static
../Core/Src/stm32f7xx_hal_msp.c:192:6:HAL_CRC_MspDeInit	16	static
../Core/Src/stm32f7xx_hal_msp.c:214:6:HAL_DCMI_MspInit	64	static
../Core/Src/stm32f7xx_hal_msp.c:292:6:HAL_DCMI_MspDeInit	16	static
../Core/Src/stm32f7xx_hal_msp.c:339:6:HAL_DMA2D_MspInit	24	static
../Core/Src/stm32f7xx_hal_msp.c:364:6:HAL_DMA2D_MspDeInit	16	static
../Core/Src/stm32f7xx_hal_msp.c:389:6:HAL_ETH_MspInit	64	static
../Core/Src/stm32f7xx_hal_msp.c:448:6:HAL_ETH_MspDeInit	16	static
../Core/Src/stm32f7xx_hal_msp.c:488:6:HAL_I2C_MspInit	184	static
../Core/Src/stm32f7xx_hal_msp.c:567:6:HAL_I2C_MspDeInit	16	static
../Core/Src/stm32f7xx_hal_msp.c:618:6:HAL_LTDC_MspInit	64	static
../Core/Src/stm32f7xx_hal_msp.c:719:6:HAL_LTDC_MspDeInit	16	static
../Core/Src/stm32f7xx_hal_msp.c:788:6:HAL_QSPI_MspInit	56	static
../Core/Src/stm32f7xx_hal_msp.c:851:6:HAL_QSPI_MspDeInit	16	static
../Core/Src/stm32f7xx_hal_msp.c:888:6:HAL_RTC_MspInit	152	static
../Core/Src/stm32f7xx_hal_msp.c:921:6:HAL_RTC_MspDeInit	16	static
../Core/Src/stm32f7xx_hal_msp.c:943:6:HAL_SD_MspInit	48	static
../Core/Src/stm32f7xx_hal_msp.c:992:6:HAL_SD_MspDeInit	16	static
../Core/Src/stm32f7xx_hal_msp.c:1028:6:HAL_SPDIFRX_MspInit	176	static
../Core/Src/stm32f7xx_hal_msp.c:1078:6:HAL_SPDIFRX_MspDeInit	16	static
../Core/Src/stm32f7xx_hal_msp.c:1106:6:HAL_SPI_MspInit	48	static
../Core/Src/stm32f7xx_hal_msp.c:1151:6:HAL_SPI_MspDeInit	16	static
../Core/Src/stm32f7xx_hal_msp.c:1183:6:HAL_TIM_Base_MspInit	40	static
../Core/Src/stm32f7xx_hal_msp.c:1249:6:HAL_TIM_PWM_MspInit	24	static
../Core/Src/stm32f7xx_hal_msp.c:1265:6:HAL_TIM_MspPostInit	56	static
../Core/Src/stm32f7xx_hal_msp.c:1380:6:HAL_TIM_Base_MspDeInit	16	static
../Core/Src/stm32f7xx_hal_msp.c:1446:6:HAL_TIM_PWM_MspDeInit	16	static
../Core/Src/stm32f7xx_hal_msp.c:1468:6:HAL_UART_MspInit	192	static
../Core/Src/stm32f7xx_hal_msp.c:1557:6:HAL_UART_MspDeInit	16	static
../Core/Src/stm32f7xx_hal_msp.c:1602:13:HAL_FMC_MspInit	32	static
../Core/Src/stm32f7xx_hal_msp.c:1708:6:HAL_SDRAM_MspInit	16	static
../Core/Src/stm32f7xx_hal_msp.c:1720:13:HAL_FMC_MspDeInit	8	static
../Core/Src/stm32f7xx_hal_msp.c:1794:6:HAL_SDRAM_MspDeInit	16	static
../Core/Src/stm32f7xx_hal_msp.c:1806:6:HAL_SAI_MspInit	48	static
../Core/Src/stm32f7xx_hal_msp.c:1856:6:HAL_SAI_MspDeInit	16	static
