06:50:57 **** Incremental Build of configuration Debug for project adc_fisico ****
make -j8 all 
arm-none-eabi-gcc "../Core/Src/main.c" -mcpu=cortex-m4 -std=gnu11 -g3 -DDEBUG -DUSE_HAL_DRIVER -DSTM32L412xx -c -I../Core/Inc -I../Drivers/STM32L4xx_HAL_Driver/Inc -I../Drivers/STM32L4xx_HAL_Driver/Inc/Legacy -I../Drivers/CMSIS/Device/ST/STM32L4xx/Include -I../Drivers/CMSIS/Include -O0 -ffunction-sections -fdata-sections -Wall -fstack-usage -MMD -MP -MF"Core/Src/main.d" -MT"Core/Src/main.o" --specs=nano.specs -mfpu=fpv4-sp-d16 -mfloat-abi=hard -mthumb -o "Core/Src/main.o"
../Core/Src/main.c: In function 'main':
../Core/Src/main.c:110:7: warning: implicit declaration of function 'sprintf' [-Wimplicit-function-declaration]
  110 |       sprintf(cadena2,"Valor: %u\n\r",dato_anx);
      |       ^~~~~~~
../Core/Src/main.c:110:7: warning: incompatible implicit declaration of built-in function 'sprintf'
../Core/Src/main.c:25:1: note: include '<stdio.h>' or provide a declaration of 'sprintf'
   24 | #include <string.h>
  +++ |+#include <stdio.h>
   25 | /* USER CODE END Includes */
../Core/Src/main.c:110:15: warning: pointer targets in passing argument 1 of 'sprintf' differ in signedness [-Wpointer-sign]
  110 |       sprintf(cadena2,"Valor: %u\n\r",dato_anx);
      |               ^~~~~~~
      |               |
      |               uint8_t * {aka unsigned char *}
../Core/Src/main.c:110:15: note: expected 'char *' but argument is of type 'uint8_t *' {aka 'unsigned char *'}
../Core/Src/main.c:111:77: warning: pointer targets in passing argument 1 of 'strlen' differ in signedness [-Wpointer-sign]
  111 |       HAL_UART_Transmit(&huart2, (const uint8_t *)cadena2,(uint16_t) strlen(cadena2), HAL_MAX_DELAY);
      |                                                                             ^~~~~~~
      |                                                                             |
      |                                                                             uint8_t * {aka unsigned char *}
In file included from ../Core/Src/main.c:24:
c:\st\stm32cubeide_1.9.0\stm32cubeide\plugins\com.st.stm32cube.ide.mcu.externaltools.gnu-tools-for-stm32.10.3-2021.10.win32_1.0.0.202111181127\tools\arm-none-eabi\include\string.h:41:17: note: expected 'const char *' but argument is of type 'uint8_t *' {aka 'unsigned char *'}
   41 | size_t  strlen (const char *);
      |                 ^~~~~~~~~~~~
arm-none-eabi-gcc -o "adc_fisico.elf" @"objects.list"   -mcpu=cortex-m4 -T"C:\Users\HP\Documents\GitHub\STM32_CAS_UTEC\adc_fisico\STM32L412KBUX_FLASH.ld" --specs=nosys.specs -Wl,-Map="adc_fisico.map" -Wl,--gc-sections -static --specs=nano.specs -mfpu=fpv4-sp-d16 -mfloat-abi=hard -mthumb -Wl,--start-group -lc -lm -Wl,--end-group
Finished building target: adc_fisico.elf
 
arm-none-eabi-size   adc_fisico.elf 
arm-none-eabi-objdump -h -S  adc_fisico.elf  > "adc_fisico.list"
   text	   data	    bss	    dec	    hex	filename
  19508	    120	   1824	  21452	   53cc	adc_fisico.elf
Finished building: default.size.stdout
 
Finished building: adc_fisico.list
 

06:50:58 Build Finished. 0 errors, 4 warnings. (took 1s.420ms)

